Hex dump of section '.text.startup':
 NOTE: This section has relocations against it, but these have NOT been applied to this dump.
  0x00000000 e92d4010 ebfffffe e3a00000 e8bd8010 .-@.............
  