
Relocation section '.rel.text.startup' at offset 0x444 contains 1 entry:
 Offset     Info    Type            Sym.Value  Sym. Name
00000004  0000111c R_ARM_CALL        00000000   afficher

Relocation section '.rel.debug_info' at offset 0x44c contains 11 entries:
 Offset     Info    Type            Sym.Value  Sym. Name
00000006  00000802 R_ARM_ABS32       00000000   .debug_abbrev
0000000c  00000c02 R_ARM_ABS32       00000000   .debug_str
00000011  00000c02 R_ARM_ABS32       00000000   .debug_str
00000015  00000c02 R_ARM_ABS32       00000000   .debug_str
00000019  00000a02 R_ARM_ABS32       00000000   .debug_ranges
00000021  00000b02 R_ARM_ABS32       00000000   .debug_line
00000026  00000c02 R_ARM_ABS32       00000000   .debug_str
00000031  00000502 R_ARM_ABS32       00000000   .text.startup
00000040  00000502 R_ARM_ABS32       00000000   .text.startup
00000051  00000c02 R_ARM_ABS32       00000000   .debug_str
00000055  00000c02 R_ARM_ABS32       00000000   .debug_str

Relocation section '.rel.debug_aranges' at offset 0x4a4 contains 2 entries:
 Offset     Info    Type            Sym.Value  Sym. Name
00000006  00000702 R_ARM_ABS32       00000000   .debug_info
00000010  00000502 R_ARM_ABS32       00000000   .text.startup

Relocation section '.rel.debug_ranges' at offset 0x4b4 contains 2 entries:
 Offset     Info    Type            Sym.Value  Sym. Name
00000000  00000502 R_ARM_ABS32       00000000   .text.startup
00000004  00000502 R_ARM_ABS32       00000000   .text.startup

Relocation section '.rel.debug_line' at offset 0x4c4 contains 1 entry:
 Offset     Info    Type            Sym.Value  Sym. Name
0000002d  00000502 R_ARM_ABS32       00000000   .text.startup

Relocation section '.rel.debug_frame' at offset 0x4cc contains 2 entries:
 Offset     Info    Type            Sym.Value  Sym. Name
00000014  00000d02 R_ARM_ABS32       00000000   .debug_frame
00000018  00000502 R_ARM_ABS32       00000000   .text.startup
