There are 21 section headers, starting at offset 0x6fc:

Section Headers:
  [Nr] Name              Type            Addr     Off    Size   ES Flg Lk Inf Al
  [ 0]                   NULL            00000000 000000 000000 00      0   0  0
  [ 1] .text             PROGBITS        00000000 000034 00000c 00  AX  0   0  4
  [ 2] .rel.text         REL             00000000 000554 000010 08   I 18   1  4
  [ 3] .data             PROGBITS        00000000 000040 000000 00  WA  0   0  1
  [ 4] .bss              NOBITS          00000000 000040 000000 00  WA  0   0  1
  [ 5] .rodata.str1.4    PROGBITS        00000000 000040 00000c 01 AMS  0   0  4
  [ 6] .debug_info       PROGBITS        00000000 00004c 0000af 00      0   0  1
  [ 7] .rel.debug_info   REL             00000000 000564 0000b8 08   I 18   6  4
  [ 8] .debug_abbrev     PROGBITS        00000000 0000fb 00006f 00      0   0  1
  [ 9] .debug_aranges    PROGBITS        00000000 00016a 000020 00      0   0  1
  [10] .rel.debug_a[...] REL             00000000 00061c 000010 08   I 18   9  4
  [11] .debug_line       PROGBITS        00000000 00018a 000048 00      0   0  1
  [12] .rel.debug_line   REL             00000000 00062c 000008 08   I 18  11  4
  [13] .debug_str        PROGBITS        00000000 0001d2 00019b 01  MS  0   0  1
  [14] .comment          PROGBITS        00000000 00036d 00004a 01  MS  0   0  1
  [15] .debug_frame      PROGBITS        00000000 0003b8 000020 00      0   0  4
  [16] .rel.debug_frame  REL             00000000 000634 000010 08   I 18  15  4
  [17] .ARM.attributes   ARM_ATTRIBUTES  00000000 0003d8 00002a 00      0   0  1
  [18] .symtab           SYMTAB          00000000 000404 000130 10     19  17  4
  [19] .strtab           STRTAB          00000000 000534 00001d 00      0   0  1
  [20] .shstrtab         STRTAB          00000000 000644 0000b5 00      0   0  1
Key to Flags:
  W (write), A (alloc), X (execute), M (merge), S (strings), I (info),
  L (link order), O (extra OS processing required), G (group), T (TLS),
  C (compressed), x (unknown), o (OS specific), E (exclude),
  D (mbind), y (purecode), p (processor specific)
