Hex dump of section '.rel.text.startup':
  0x00000000 00000004 0000111c                   ........
  