Hex dump of section '.rel.text':
  0x00000000 08000000 1c0f0000                   ........
  