There are 20 section headers, starting at offset 0x4fc:

Section Headers:
  [Nr] Name              Type            Addr     Off    Size   ES Flg Lk Inf Al
  [ 0]                   NULL            00000000 000000 000000 00      0   0  0
  [ 1] .text             PROGBITS        00000000 000034 000018 00  AX  0   0  4
  [ 2] .rel.text         REL             00000000 0003e4 000008 08   I 17   1  4
  [ 3] .data             PROGBITS        00000000 00004c 000000 00  WA  0   0  1
  [ 4] .bss              NOBITS          00000000 00004c 000000 00  WA  0   0  1
  [ 5] .debug_info       PROGBITS        00000000 00004c 000043 00      0   0  1
  [ 6] .rel.debug_info   REL             00000000 0003ec 000040 08   I 17   5  4
  [ 7] .debug_abbrev     PROGBITS        00000000 00008f 000039 00      0   0  1
  [ 8] .debug_aranges    PROGBITS        00000000 0000c8 000020 00      0   0  1
  [ 9] .rel.debug_arange REL             00000000 00042c 000010 08   I 17   8  4
  [10] .debug_line       PROGBITS        00000000 0000e8 000040 00      0   0  1
  [11] .rel.debug_line   REL             00000000 00043c 000008 08   I 17  10  4
  [12] .debug_str        PROGBITS        00000000 000128 0000ed 01  MS  0   0  1
  [13] .comment          PROGBITS        00000000 000215 00005a 01  MS  0   0  1
  [14] .debug_frame      PROGBITS        00000000 000270 00002c 00      0   0  4
  [15] .rel.debug_frame  REL             00000000 000444 000010 08   I 17  14  4
  [16] .ARM.attributes   ARM_ATTRIBUTES  00000000 00029c 00002a 00      0   0  1
  [17] .symtab           SYMTAB          00000000 0002c8 000100 10     18  14  4
  [18] .strtab           STRTAB          00000000 0003c8 00001a 00      0   0  1
  [19] .shstrtab         STRTAB          00000000 000454 0000a6 00      0   0  1
Key to Flags:
  W (write), A (alloc), X (execute), M (merge), S (strings), I (info),
  L (link order), O (extra OS processing required), G (group), T (TLS),
  C (compressed), x (unknown), o (OS specific), E (exclude),
  y (purecode), p (processor specific)
